******************************************************************************
                  TI ARM Linker PC v20.2.4                     
******************************************************************************
>> Linked Mon Feb 15 18:20:11 2021

OUTPUT FILE NAME:   <IMU2.out>
ENTRY POINT SYMBOL: "_c_int00_noargs"  address: 00001f21


MEMORY CONFIGURATION

         name            origin    length      used     unused   attr    fill
----------------------  --------  ---------  --------  --------  ----  --------
  FLASH                 00000000   00040000  000022fc  0003dd04  R  X
  SRAM                  20000000   00008000  00000329  00007cd7  RW X


SEGMENT ALLOCATION MAP

run origin  load origin   length   init length attrs members
----------  ----------- ---------- ----------- ----- -------
00000000    00000000    00002300   00002300    r-x
  00000000    00000000    0000026c   0000026c    r-- .intvecs
  0000026c    0000026c    00001e3c   00001e3c    r-x .text
  000020a8    000020a8    00000224   00000224    r-- .const
  000022d0    000022d0    00000030   00000030    r-- .cinit
20000000    20000000    0000032c   00000000    rw-
  20000000    20000000    00000200   00000000    rw- .stack
  20000200    20000200    00000125   00000000    rw- .bss
  20000328    20000328    00000004   00000000    rw- .data


SECTION ALLOCATION MAP

 output                                  attributes/
section   page    origin      length       input sections
--------  ----  ----------  ----------   ----------------
.intvecs   0    00000000    0000026c     
                  00000000    0000026c     tm4c123gh6pm_startup_ccs.obj (.intvecs)

.text      0    0000026c    00001e3c     
                  0000026c    000002ec     rtsv7M4_T_le_v4SPD16_eabi.lib : s_atan.c.obj (.text:atan)
                  00000558    000002c0     main.obj (.text)
                  00000818    000001d8     rtsv7M4_T_le_v4SPD16_eabi.lib : e_atan2.c.obj (.text:atan2)
                  000009f0    000001b6                                   : fd_add_t2.asm.obj (.text)
                  00000ba6    00000002     --HOLE-- [fill = 0]
                  00000ba8    00000158                                   : e_sqrt.c.obj (.text:sqrt)
                  00000d00    00000136                                   : fd_div_t2.asm.obj (.text)
                  00000e36    00000132     driverlib.lib : gpio.obj (.text:GPIOPadConfigSet)
                  00000f68    00000110                   : sysctl.obj (.text:SysCtlClockGet)
                  00001078    000000fc     rtsv7M4_T_le_v4SPD16_eabi.lib : fd_mul_t2.asm.obj (.text)
                  00001174    000000f4     driverlib.lib : sysctl.obj (.text:SysCtlClockSet)
                  00001268    000000f2     sensorlib.lib : i2cm_drv.obj (.text:I2CMIntHandler)
                  0000135a    00000002     --HOLE-- [fill = 0]
                  0000135c    000000f0                   : mpu6050.obj (.text:MPU6050Callback)
                  0000144c    0000009c     rtsv7M4_T_le_v4SPD16_eabi.lib : memcpy_t2.asm.obj (.text)
                  000014e8    00000098     sensorlib.lib : i2cm_drv.obj (.text:I2CMStateIdle)
                  00001580    00000088                   : i2cm_drv.obj (.text:I2CMCommand)
                  00001608    00000086     rtsv7M4_T_le_v4SPD16_eabi.lib : fd_cmp_t2.asm.obj (.text:__aeabi_cdrcmple)
                  0000168e    00000002     --HOLE-- [fill = 0]
                  00001690    00000078     sensorlib.lib : i2cm_drv.obj (.text:I2CMReadModifyWrite8)
                  00001708    00000070                   : mpu6050.obj (.text:MPU6050DataAccelGetFloat)
                  00001778    00000070                   : mpu6050.obj (.text:MPU6050DataGyroGetFloat)
                  000017e8    0000006e     rtsv7M4_T_le_v4SPD16_eabi.lib : fd_tos_t2.asm.obj (.text)
                  00001856    00000002     --HOLE-- [fill = 0]
                  00001858    00000068     driverlib.lib : interrupt.obj (.text:IntDisable)
                  000018c0    00000068                   : interrupt.obj (.text:IntEnable)
                  00001928    00000068     rtsv7M4_T_le_v4SPD16_eabi.lib : copy_decompress_lzss.c.obj (.text:decompress:lzss:__TI_decompress_lzss)
                  00001990    00000064     driverlib.lib : interrupt.obj (.text:IntIsEnabled)
                  000019f4    00000060     sensorlib.lib : i2cm_drv.obj (.text:I2CMReadModifyWrite8Callback)
                  00001a54    0000005e                   : i2cm_drv.obj (.text:I2CMStateWritePause)
                  00001ab2    00000002     --HOLE-- [fill = 0]
                  00001ab4    0000005c                   : mpu6050.obj (.text:MPU6050Init)
                  00001b10    00000054                   : mpu6050.obj (.text:MPU6050DataRead)
                  00001b64    00000050                   : i2cm_drv.obj (.text:I2CMStateWriteFinal)
                  00001bb4    00000050     driverlib.lib : sysctl.obj (.text:SysCtlPeripheralReset)
                  00001c04    0000004c                   : i2c.obj (.text:I2CMasterInitExpClk)
                  00001c50    0000004c     sensorlib.lib : mpu6050.obj (.text:MPU6050ReadModifyWrite)
                  00001c9c    0000004a                   : i2cm_drv.obj (.text:I2CMStateReadNext)
                  00001ce6    00000002     --HOLE-- [fill = 0]
                  00001ce8    00000048     driverlib.lib : gpio.obj (.text:GPIOPinConfigure)
                  00001d30    00000048     sensorlib.lib : i2cm_drv.obj (.text:I2CMStateWriteNext)
                  00001d78    00000044                   : i2cm_drv.obj (.text:I2CMStateCallback)
                  00001dbc    00000044     rtsv7M4_T_le_v4SPD16_eabi.lib : autoinit.c.obj (.text:__TI_auto_init_nobinit_nopinit:__TI_auto_init_nobinit_nopinit)
                  00001e00    00000042     sensorlib.lib : i2cm_drv.obj (.text:I2CMStateReadFinal)
                  00001e42    0000003e                   : i2cm_drv.obj (.text:I2CMStateReadPause)
                  00001e80    00000038     rtsv7M4_T_le_v4SPD16_eabi.lib : fs_tod_t2.asm.obj (.text)
                  00001eb8    00000034     sensorlib.lib : i2cm_drv.obj (.text:I2CMInit)
                  00001eec    00000034     driverlib.lib : sysctl.obj (.text:SysCtlPeripheralEnable)
                  00001f20    00000034     rtsv7M4_T_le_v4SPD16_eabi.lib : boot_cortex_m.c.obj (.text:_c_int00_noargs:_c_int00_noargs)
                  00001f54    0000002a     driverlib.lib : gpio.obj (.text:GPIODirModeSet)
                  00001f7e    0000002a     sensorlib.lib : i2cm_drv.obj (.text:I2CMStateReadFirst)
                  00001fa8    00000020                   : i2cm_drv.obj (.text:I2CMStateReadOne)
                  00001fc8    0000001c     rtsv7M4_T_le_v4SPD16_eabi.lib : copy_zero_init.c.obj (.text:decompress:ZI:__TI_zero_init_nomemset:__TI_zero_init_nomemset)
                  00001fe4    0000001a     sensorlib.lib : i2cm_drv.obj (.text:I2CMStateReadWait)
                  00001ffe    00000012     driverlib.lib : gpio.obj (.text:GPIOPinTypeI2C)
                  00002010    00000012                   : gpio.obj (.text:GPIOPinTypeI2CSCL)
                  00002022    00000012                   : gpio.obj (.text:GPIOPinTypeUART)
                  00002034    0000000e     rtsv7M4_T_le_v4SPD16_eabi.lib : copy_decompress_none.c.obj (.text:decompress:none:__TI_decompress_none)
                  00002042    00000002     --HOLE-- [fill = 0]
                  00002044    0000000c     driverlib.lib : interrupt.obj (.text:IntTrigger)
                  00002050    0000000c     tm4c123gh6pm_startup_ccs.obj (.text)
                  0000205c    0000000a     driverlib.lib : i2c.obj (.text:I2CMasterEnable)
                  00002066    00000008                   : i2c.obj (.text:I2CMasterIntClear)
                  0000206e    00000008                   : i2c.obj (.text:I2CMasterIntEnableEx)
                  00002076    00000008                   : i2c.obj (.text:I2CMasterSlaveAddrSet)
                  0000207e    00000002     --HOLE-- [fill = 0]
                  00002080    00000008     rtsv7M4_T_le_v4SPD16_eabi.lib : errno.c.obj (.text:__aeabi_errno_addr)
                  00002088    00000006     driverlib.lib : sysctl.obj (.text:SysCtlDelay)
                  0000208e    00000006                   : uart.obj (.text:UARTClockSourceSet)
                  00002094    00000004                   : i2c.obj (.text:I2CMasterControl)
                  00002098    00000004                   : i2c.obj (.text:I2CMasterDataGet)
                  0000209c    00000004                   : i2c.obj (.text:I2CMasterDataPut)
                  000020a0    00000004     rtsv7M4_T_le_v4SPD16_eabi.lib : pre_init.c.obj (.text:_system_pre_init)
                  000020a4    00000004                                   : exit.c.obj (.text:abort:abort)

.const     0    000020a8    00000224     
                  000020a8    00000098     rtsv7M4_T_le_v4SPD16_eabi.lib : s_atan.c.obj (.const:$O1$$)
                  00002140    00000090     driverlib.lib : gpio.obj (.const:g_pui32GPIOBaseAddrs)
                  000021d0    00000070                   : interrupt.obj (.const)
                  00002240    0000006c                   : sysctl.obj (.const:g_pui32Xtals)
                  000022ac    00000020     sensorlib.lib : mpu6050.obj (.const)

.cinit     0    000022d0    00000030     
                  000022d0    0000000c     (__TI_handler_table)
                  000022dc    00000004     --HOLE-- [fill = 0]
                  000022e0    00000008     (.cinit..bss.load) [load image, compression = zero_init]
                  000022e8    00000007     (.cinit..data.load) [load image, compression = lzss]
                  000022ef    00000001     --HOLE-- [fill = 0]
                  000022f0    00000010     (__TI_cinit_table)

.init_array 
*          0    00000000    00000000     UNINITIALIZED

.bss       0    20000200    00000125     UNINITIALIZED
                  20000200    00000124     (.common:g_sI2CMSimpleInst)
                  20000324    00000001     (.common:g_bMPU6050Done)

.data      0    20000328    00000004     UNINITIALIZED
                  20000328    00000004     rtsv7M4_T_le_v4SPD16_eabi.lib : errno.c.obj (.data)

.stack     0    20000000    00000200     UNINITIALIZED
                  20000000    00000004     rtsv7M4_T_le_v4SPD16_eabi.lib : boot_cortex_m.c.obj (.stack)
                  20000004    000001fc     --HOLE--

__llvm_prf_cnts 
*          0    20000000    00000000     UNINITIALIZED

MODULE SUMMARY

       Module                         code   ro data   rw data
       ------                         ----   -------   -------
    .\
       main.obj                       704    0         293    
       tm4c123gh6pm_startup_ccs.obj   12     620       0      
    +--+------------------------------+------+---------+---------+
       Total:                         716    620       293    
                                                              
    C:/ti/TivaWare_C_Series-2.1.4.178/driverlib/ccs/Debug/driverlib.lib
       sysctl.obj                     654    108       0      
       gpio.obj                       474    144       0      
       interrupt.obj                  320    112       0      
       i2c.obj                        122    0         0      
       uart.obj                       6      0         0      
    +--+------------------------------+------+---------+---------+
       Total:                         1576   364       0      
                                                              
    C:/ti/TivaWare_C_Series-2.1.4.178/sensorlib/ccs/Debug/sensorlib.lib
       i2cm_drv.obj                   1414   0         0      
       mpu6050.obj                    716    32        0      
    +--+------------------------------+------+---------+---------+
       Total:                         2130   32        0      
                                                              
    C:\ti\ccs1000\ccs\tools\compiler\ti-cgt-arm_20.2.4.LTS\lib\rtsv7M4_T_le_v4SPD16_eabi.lib
       s_atan.c.obj                   748    152       0      
       e_atan2.c.obj                  472    0         0      
       fd_add_t2.asm.obj              438    0         0      
       e_sqrt.c.obj                   344    0         0      
       fd_div_t2.asm.obj              310    0         0      
       fd_mul_t2.asm.obj              252    0         0      
       memcpy_t2.asm.obj              156    0         0      
       fd_cmp_t2.asm.obj              134    0         0      
       fd_tos_t2.asm.obj              110    0         0      
       copy_decompress_lzss.c.obj     104    0         0      
       autoinit.c.obj                 68     0         0      
       fs_tod_t2.asm.obj              56     0         0      
       boot_cortex_m.c.obj            52     0         0      
       copy_zero_init.c.obj           28     0         0      
       copy_decompress_none.c.obj     14     0         0      
       errno.c.obj                    8      0         4      
       exit.c.obj                     4      0         0      
       pre_init.c.obj                 4      0         0      
    +--+------------------------------+------+---------+---------+
       Total:                         3302   152       4      
                                                              
       Stack:                         0      0         512    
       Linker Generated:              0      43        0      
    +--+------------------------------+------+---------+---------+
       Grand Total:                   7724   1211      809    


LINKER GENERATED COPY TABLES

__TI_cinit_table @ 000022f0 records: 2, size/record: 8, table size: 16
	.bss: load addr=000022e0, load size=00000008 bytes, run addr=20000200, run size=00000125 bytes, compression=zero_init
	.data: load addr=000022e8, load size=00000007 bytes, run addr=20000328, run size=00000004 bytes, compression=lzss


LINKER GENERATED HANDLER TABLE

__TI_handler_table @ 000022d0 records: 3, size/record: 4, table size: 12
	index: 0, handler: __TI_decompress_lzss
	index: 1, handler: __TI_decompress_none
	index: 2, handler: __TI_zero_init


GLOBAL SYMBOLS: SORTED ALPHABETICALLY BY Name 

address   name                          
-------   ----                          
000020a5  C$$EXIT                       
000005b5  ConfigureUART                 
00001f55  GPIODirModeSet                
00000e37  GPIOPadConfigSet              
00001ce9  GPIOPinConfigure              
00001fff  GPIOPinTypeI2C                
00002011  GPIOPinTypeI2CSCL             
00002023  GPIOPinTypeUART               
00001581  I2CMCommand                   
00001eb9  I2CMInit                      
00001269  I2CMIntHandler                
00001691  I2CMReadModifyWrite8          
00000613  I2CMSimpleIntHandler          
00002095  I2CMasterControl              
00002099  I2CMasterDataGet              
0000209d  I2CMasterDataPut              
0000205d  I2CMasterEnable               
00001c05  I2CMasterInitExpClk           
00002067  I2CMasterIntClear             
0000206f  I2CMasterIntEnableEx          
00002077  I2CMasterSlaveAddrSet         
00000559  InitI2C0                      
00001859  IntDisable                    
000018c1  IntEnable                     
00001991  IntIsEnabled                  
00002045  IntTrigger                    
00000601  MPU6050Callback               
00001709  MPU6050DataAccelGetFloat      
00001779  MPU6050DataGyroGetFloat       
00001b11  MPU6050DataRead               
0000061d  MPU6050Example                
00001ab5  MPU6050Init                   
00001c51  MPU6050ReadModifyWrite        
00002051  ResetISR                      
00000f69  SysCtlClockGet                
00001175  SysCtlClockSet                
00002089  SysCtlDelay                   
00001eed  SysCtlPeripheralEnable        
00001bb5  SysCtlPeripheralReset         
0000208f  UARTClockSourceSet            
20000200  __STACK_END                   
00000200  __STACK_SIZE                  
20000200  __STACK_TOP                   
000022f0  __TI_CINIT_Base               
00002300  __TI_CINIT_Limit              
000022d0  __TI_Handler_Table_Base       
000022dc  __TI_Handler_Table_Limit      
00001dbd  __TI_auto_init_nobinit_nopinit
00001929  __TI_decompress_lzss          
00002035  __TI_decompress_none          
ffffffff  __TI_pprof_out_hndl           
ffffffff  __TI_prof_data_size           
ffffffff  __TI_prof_data_start          
00000000  __TI_static_base__            
00001fc9  __TI_zero_init_nomemset       
00001609  __aeabi_cdrcmple              
000017e9  __aeabi_d2f                   
000009fb  __aeabi_dadd                  
00000d01  __aeabi_ddiv                  
00001079  __aeabi_dmul                  
000009f1  __aeabi_dsub                  
00002081  __aeabi_errno_addr            
00001e81  __aeabi_f2d                   
0000144d  __aeabi_memcpy                
0000144d  __aeabi_memcpy4               
0000144d  __aeabi_memcpy8               
ffffffff  __binit__                     
ffffffff  __c_args__                    
UNDEFED   __mpu_init                    
20000000  __stack                       
20000000  __start___llvm_prf_cnts       
20000000  __stop___llvm_prf_cnts        
00001f21  _c_int00_noargs               
UNDEFED   _system_post_cinit            
000020a1  _system_pre_init              
000020a5  abort                         
0000026d  atan                          
00000819  atan2                         
00000819  atan2l                        
0000026d  atanl                         
ffffffff  binit                         
000005e5  delayMS                       
20000328  errno                         
20000324  g_bMPU6050Done                
00000000  g_pfnVectors                  
20000200  g_sI2CMSimpleInst             
000007af  main                          
0000144d  memcpy                        
00000ba9  sqrt                          
00000ba9  sqrtl                         


GLOBAL SYMBOLS: SORTED BY Symbol Address 

address   name                          
-------   ----                          
00000000  __TI_static_base__            
00000000  g_pfnVectors                  
00000200  __STACK_SIZE                  
0000026d  atan                          
0000026d  atanl                         
00000559  InitI2C0                      
000005b5  ConfigureUART                 
000005e5  delayMS                       
00000601  MPU6050Callback               
00000613  I2CMSimpleIntHandler          
0000061d  MPU6050Example                
000007af  main                          
00000819  atan2                         
00000819  atan2l                        
000009f1  __aeabi_dsub                  
000009fb  __aeabi_dadd                  
00000ba9  sqrt                          
00000ba9  sqrtl                         
00000d01  __aeabi_ddiv                  
00000e37  GPIOPadConfigSet              
00000f69  SysCtlClockGet                
00001079  __aeabi_dmul                  
00001175  SysCtlClockSet                
00001269  I2CMIntHandler                
0000144d  __aeabi_memcpy                
0000144d  __aeabi_memcpy4               
0000144d  __aeabi_memcpy8               
0000144d  memcpy                        
00001581  I2CMCommand                   
00001609  __aeabi_cdrcmple              
00001691  I2CMReadModifyWrite8          
00001709  MPU6050DataAccelGetFloat      
00001779  MPU6050DataGyroGetFloat       
000017e9  __aeabi_d2f                   
00001859  IntDisable                    
000018c1  IntEnable                     
00001929  __TI_decompress_lzss          
00001991  IntIsEnabled                  
00001ab5  MPU6050Init                   
00001b11  MPU6050DataRead               
00001bb5  SysCtlPeripheralReset         
00001c05  I2CMasterInitExpClk           
00001c51  MPU6050ReadModifyWrite        
00001ce9  GPIOPinConfigure              
00001dbd  __TI_auto_init_nobinit_nopinit
00001e81  __aeabi_f2d                   
00001eb9  I2CMInit                      
00001eed  SysCtlPeripheralEnable        
00001f21  _c_int00_noargs               
00001f55  GPIODirModeSet                
00001fc9  __TI_zero_init_nomemset       
00001fff  GPIOPinTypeI2C                
00002011  GPIOPinTypeI2CSCL             
00002023  GPIOPinTypeUART               
00002035  __TI_decompress_none          
00002045  IntTrigger                    
00002051  ResetISR                      
0000205d  I2CMasterEnable               
00002067  I2CMasterIntClear             
0000206f  I2CMasterIntEnableEx          
00002077  I2CMasterSlaveAddrSet         
00002081  __aeabi_errno_addr            
00002089  SysCtlDelay                   
0000208f  UARTClockSourceSet            
00002095  I2CMasterControl              
00002099  I2CMasterDataGet              
0000209d  I2CMasterDataPut              
000020a1  _system_pre_init              
000020a5  C$$EXIT                       
000020a5  abort                         
000022d0  __TI_Handler_Table_Base       
000022dc  __TI_Handler_Table_Limit      
000022f0  __TI_CINIT_Base               
00002300  __TI_CINIT_Limit              
20000000  __stack                       
20000000  __start___llvm_prf_cnts       
20000000  __stop___llvm_prf_cnts        
20000200  __STACK_END                   
20000200  __STACK_TOP                   
20000200  g_sI2CMSimpleInst             
20000324  g_bMPU6050Done                
20000328  errno                         
ffffffff  __TI_pprof_out_hndl           
ffffffff  __TI_prof_data_size           
ffffffff  __TI_prof_data_start          
ffffffff  __binit__                     
ffffffff  __c_args__                    
ffffffff  binit                         
UNDEFED   __mpu_init                    
UNDEFED   _system_post_cinit            

[90 symbols]
