******************************************************************************
                  TI ARM Linker PC v20.2.4                     
******************************************************************************
>> Linked Tue Jan 26 23:46:03 2021

OUTPUT FILE NAME:   <PWM.out>
ENTRY POINT SYMBOL: "_c_int00_noargs"  address: 0000097d


MEMORY CONFIGURATION

         name            origin    length      used     unused   attr    fill
----------------------  --------  ---------  --------  --------  ----  --------
  FLASH                 00000000   00040000  00000c7e  0003f382  R  X
  SRAM                  20000000   00008000  00000214  00007dec  RW X


SEGMENT ALLOCATION MAP

run origin  load origin   length   init length attrs members
----------  ----------- ---------- ----------- ----- -------
00000000    00000000    00000c84   00000c84    r-x
  00000000    00000000    0000026c   0000026c    r-- .intvecs
  0000026c    0000026c    00000902   00000902    r-x .text
  00000b70    00000b70    000000fc   000000fc    r-- .const
  00000c70    00000c70    00000014   00000014    r-- .cinit
20000000    20000000    00000214   00000000    rw-
  20000000    20000000    00000200   00000000    rw- .stack
  20000200    20000200    00000014   00000000    rw- .bss


SECTION ALLOCATION MAP

 output                                  attributes/
section   page    origin      length       input sections
--------  ----  ----------  ----------   ----------------
.intvecs   0    00000000    0000026c     
                  00000000    0000026c     tm4c123gh6pm_startup_ccs.obj (.intvecs)

.text      0    0000026c    00000902     
                  0000026c    0000024c     main.obj (.text)
                  000004b8    00000132     driverlib.lib : gpio.obj (.text:GPIOPadConfigSet)
                  000005ea    00000002     --HOLE-- [fill = 0]
                  000005ec    00000110                   : sysctl.obj (.text:SysCtlClockGet)
                  000006fc    000000f4                   : sysctl.obj (.text:SysCtlClockSet)
                  000007f0    0000007a                   : adc.obj (.text:ADCSequenceStepConfigure)
                  0000086a    00000050                   : adc.obj (.text:ADCSequenceConfigure)
                  000008ba    00000002     --HOLE-- [fill = 0]
                  000008bc    00000048                   : gpio.obj (.text:GPIOPinConfigure)
                  00000904    00000044     rtsv7M4_T_le_v4SPD16_eabi.lib : autoinit.c.obj (.text:__TI_auto_init_nobinit_nopinit:__TI_auto_init_nobinit_nopinit)
                  00000948    00000034     driverlib.lib : sysctl.obj (.text:SysCtlPeripheralEnable)
                  0000097c    00000034     rtsv7M4_T_le_v4SPD16_eabi.lib : boot_cortex_m.c.obj (.text:_c_int00_noargs:_c_int00_noargs)
                  000009b0    0000002e     driverlib.lib : adc.obj (.text:ADCIntStatus)
                  000009de    0000002a                   : gpio.obj (.text:GPIODirModeSet)
                  00000a08    00000022                   : pwm.obj (.text:PWMGenConfigure)
                  00000a2a    0000001e                   : adc.obj (.text:ADCSequenceDataGet)
                  00000a48    0000001e                   : pwm.obj (.text:PWMPulseWidthSet)
                  00000a66    0000001c     rtsv7M4_T_le_v4SPD16_eabi.lib : copy_zero_init.c.obj (.text:decompress:ZI:__TI_zero_init_nomemset:__TI_zero_init_nomemset)
                  00000a82    00000018     driverlib.lib : adc.obj (.text:ADCProcessorTrigger)
                  00000a9a    00000018                   : gpio.obj (.text:GPIOPinTypeGPIOOutput)
                  00000ab2    00000002     --HOLE-- [fill = 0]
                  00000ab4    00000014                   : sysctl.obj (.text:SysCtlPWMClockSet)
                  00000ac8    00000012                   : gpio.obj (.text:GPIOPinTypeADC)
                  00000ada    00000012                   : gpio.obj (.text:GPIOPinTypePWM)
                  00000aec    00000012                   : pwm.obj (.text:PWMOutputState)
                  00000afe    00000010                   : interrupt.obj (.text:IntMasterEnable)
                  00000b0e    00000010                   : pwm.obj (.text:PWMGenPeriodSet)
                  00000b1e    0000000e                   : adc.obj (.text:ADCSequenceEnable)
                  00000b2c    0000000c                   : cpu.obj (.text:CPUcpsie)
                  00000b38    0000000c                   : pwm.obj (.text:PWMGenEnable)
                  00000b44    0000000c     tm4c123gh6pm_startup_ccs.obj (.text)
                  00000b50    0000000a     driverlib.lib : adc.obj (.text:ADCIntClear)
                  00000b5a    00000006                   : gpio.obj (.text:GPIOPinWrite)
                  00000b60    00000006                   : sysctl.obj (.text:SysCtlDelay)
                  00000b66    00000004     rtsv7M4_T_le_v4SPD16_eabi.lib : pre_init.c.obj (.text:_system_pre_init)
                  00000b6a    00000004                                   : exit.c.obj (.text:abort:abort)

.const     0    00000b70    000000fc     
                  00000b70    00000090     driverlib.lib : gpio.obj (.const:g_pui32GPIOBaseAddrs)
                  00000c00    0000006c                   : sysctl.obj (.const:g_pui32Xtals)

.cinit     0    00000c70    00000014     
                  00000c70    00000008     (.cinit..bss.load) [load image, compression = zero_init]
                  00000c78    00000004     (__TI_handler_table)
                  00000c7c    00000008     (__TI_cinit_table)

.init_array 
*          0    00000000    00000000     UNINITIALIZED

.bss       0    20000200    00000014     UNINITIALIZED
                  20000200    00000004     (.common:COUNT)
                  20000204    00000004     (.common:giro)
                  20000208    00000004     (.common:load)
                  2000020c    00000004     (.common:servo)
                  20000210    00000004     (.common:ulPeriod)

.stack     0    20000000    00000200     UNINITIALIZED
                  20000000    00000004     rtsv7M4_T_le_v4SPD16_eabi.lib : boot_cortex_m.c.obj (.stack)
                  20000004    000001fc     --HOLE--

__llvm_prf_cnts 
*          0    20000000    00000000     UNINITIALIZED

MODULE SUMMARY

       Module                         code   ro data   rw data
       ------                         ----   -------   -------
    .\
       tm4c123gh6pm_startup_ccs.obj   12     620       0      
       main.obj                       588    0         20     
    +--+------------------------------+------+---------+---------+
       Total:                         600    620       20     
                                                              
    C:/ti/TivaWare_C_Series-2.1.4.178/driverlib/ccs/Debug/driverlib.lib
       sysctl.obj                     594    108       0      
       gpio.obj                       486    144       0      
       adc.obj                        326    0         0      
       pwm.obj                        110    0         0      
       interrupt.obj                  16     0         0      
       cpu.obj                        12     0         0      
    +--+------------------------------+------+---------+---------+
       Total:                         1544   252       0      
                                                              
    C:\ti\ccs1000\ccs\tools\compiler\ti-cgt-arm_20.2.4.LTS\lib\rtsv7M4_T_le_v4SPD16_eabi.lib
       autoinit.c.obj                 68     0         0      
       boot_cortex_m.c.obj            52     0         0      
       copy_zero_init.c.obj           28     0         0      
       exit.c.obj                     4      0         0      
       pre_init.c.obj                 4      0         0      
    +--+------------------------------+------+---------+---------+
       Total:                         156    0         0      
                                                              
       Stack:                         0      0         512    
       Linker Generated:              0      20        0      
    +--+------------------------------+------+---------+---------+
       Grand Total:                   2300   892       532    


LINKER GENERATED COPY TABLES

__TI_cinit_table @ 00000c7c records: 1, size/record: 8, table size: 8
	.bss: load addr=00000c70, load size=00000008 bytes, run addr=20000200, run size=00000014 bytes, compression=zero_init


LINKER GENERATED HANDLER TABLE

__TI_handler_table @ 00000c78 records: 1, size/record: 4, table size: 4
	index: 0, handler: __TI_zero_init


GLOBAL SYMBOLS: SORTED ALPHABETICALLY BY Name 

address   name                          
-------   ----                          
00000b51  ADCIntClear                   
000009b1  ADCIntStatus                  
00000a83  ADCProcessorTrigger           
0000086b  ADCSequenceConfigure          
00000a2b  ADCSequenceDataGet            
00000b1f  ADCSequenceEnable             
000007f1  ADCSequenceStepConfigure      
00000b6b  C$$EXIT                       
20000200  COUNT                         
00000b2d  CPUcpsie                      
000009df  GPIODirModeSet                
000004b9  GPIOPadConfigSet              
000008bd  GPIOPinConfigure              
00000ac9  GPIOPinTypeADC                
00000a9b  GPIOPinTypeGPIOOutput         
00000adb  GPIOPinTypePWM                
00000b5b  GPIOPinWrite                  
00000aff  IntMasterEnable               
00000a09  PWMGenConfigure               
00000b39  PWMGenEnable                  
00000b0f  PWMGenPeriodSet               
00000aed  PWMOutputState                
00000a49  PWMPulseWidthSet              
00000b45  ResetISR                      
000005ed  SysCtlClockGet                
000006fd  SysCtlClockSet                
00000b61  SysCtlDelay                   
00000ab5  SysCtlPWMClockSet             
00000949  SysCtlPeripheralEnable        
20000200  __STACK_END                   
00000200  __STACK_SIZE                  
20000200  __STACK_TOP                   
00000c7c  __TI_CINIT_Base               
00000c84  __TI_CINIT_Limit              
00000c78  __TI_Handler_Table_Base       
00000c7c  __TI_Handler_Table_Limit      
00000905  __TI_auto_init_nobinit_nopinit
ffffffff  __TI_pprof_out_hndl           
ffffffff  __TI_prof_data_size           
ffffffff  __TI_prof_data_start          
00000000  __TI_static_base__            
00000a67  __TI_zero_init_nomemset       
ffffffff  __binit__                     
ffffffff  __c_args__                    
UNDEFED   __mpu_init                    
20000000  __stack                       
20000000  __start___llvm_prf_cnts       
20000000  __stop___llvm_prf_cnts        
0000097d  _c_int00_noargs               
UNDEFED   _system_post_cinit            
00000b67  _system_pre_init              
00000b6b  abort                         
ffffffff  binit                         
00000000  g_pfnVectors                  
20000204  giro                          
20000208  load                          
0000026d  main                          
2000020c  servo                         
20000210  ulPeriod                      


GLOBAL SYMBOLS: SORTED BY Symbol Address 

address   name                          
-------   ----                          
00000000  __TI_static_base__            
00000000  g_pfnVectors                  
00000200  __STACK_SIZE                  
0000026d  main                          
000004b9  GPIOPadConfigSet              
000005ed  SysCtlClockGet                
000006fd  SysCtlClockSet                
000007f1  ADCSequenceStepConfigure      
0000086b  ADCSequenceConfigure          
000008bd  GPIOPinConfigure              
00000905  __TI_auto_init_nobinit_nopinit
00000949  SysCtlPeripheralEnable        
0000097d  _c_int00_noargs               
000009b1  ADCIntStatus                  
000009df  GPIODirModeSet                
00000a09  PWMGenConfigure               
00000a2b  ADCSequenceDataGet            
00000a49  PWMPulseWidthSet              
00000a67  __TI_zero_init_nomemset       
00000a83  ADCProcessorTrigger           
00000a9b  GPIOPinTypeGPIOOutput         
00000ab5  SysCtlPWMClockSet             
00000ac9  GPIOPinTypeADC                
00000adb  GPIOPinTypePWM                
00000aed  PWMOutputState                
00000aff  IntMasterEnable               
00000b0f  PWMGenPeriodSet               
00000b1f  ADCSequenceEnable             
00000b2d  CPUcpsie                      
00000b39  PWMGenEnable                  
00000b45  ResetISR                      
00000b51  ADCIntClear                   
00000b5b  GPIOPinWrite                  
00000b61  SysCtlDelay                   
00000b67  _system_pre_init              
00000b6b  C$$EXIT                       
00000b6b  abort                         
00000c78  __TI_Handler_Table_Base       
00000c7c  __TI_CINIT_Base               
00000c7c  __TI_Handler_Table_Limit      
00000c84  __TI_CINIT_Limit              
20000000  __stack                       
20000000  __start___llvm_prf_cnts       
20000000  __stop___llvm_prf_cnts        
20000200  COUNT                         
20000200  __STACK_END                   
20000200  __STACK_TOP                   
20000204  giro                          
20000208  load                          
2000020c  servo                         
20000210  ulPeriod                      
ffffffff  __TI_pprof_out_hndl           
ffffffff  __TI_prof_data_size           
ffffffff  __TI_prof_data_start          
ffffffff  __binit__                     
ffffffff  __c_args__                    
ffffffff  binit                         
UNDEFED   __mpu_init                    
UNDEFED   _system_post_cinit            

[59 symbols]
