******************************************************************************
                  TI ARM Linker PC v20.2.4                     
******************************************************************************
>> Linked Tue Feb 16 17:04:36 2021

OUTPUT FILE NAME:   <PWM.out>
ENTRY POINT SYMBOL: "_c_int00_noargs"  address: 00000ab9


MEMORY CONFIGURATION

         name            origin    length      used     unused   attr    fill
----------------------  --------  ---------  --------  --------  ----  --------
  FLASH                 00000000   00040000  00000d26  0003f2da  R  X
  SRAM                  20000000   00008000  000004e0  00007b20  RW X


SEGMENT ALLOCATION MAP

run origin  load origin   length   init length attrs members
----------  ----------- ---------- ----------- ----- -------
00000000    00000000    00000d28   00000d28    r-x
  00000000    00000000    0000026c   0000026c    r-- .intvecs
  0000026c    0000026c    000009fa   000009fa    r-x .text
  00000c68    00000c68    00000090   00000090    r-- .const
  00000cf8    00000cf8    00000030   00000030    r-- .cinit
20000000    20000000    000004e0   00000000    rw-
  20000000    20000000    000002dc   00000000    rw- .bss
  200002dc    200002dc    00000004   00000000    rw- .data
  200002e0    200002e0    00000200   00000000    rw- .stack


SECTION ALLOCATION MAP

 output                                  attributes/
section   page    origin      length       input sections
--------  ----  ----------  ----------   ----------------
.intvecs   0    00000000    0000026c     
                  00000000    0000026c     tm4c123gh6pm_startup_ccs.obj (.intvecs)

.text      0    0000026c    000009fa     
                  0000026c    00000200     main.obj (.text)
                  0000046c    00000134     DelayTimer.obj (.text)
                  000005a0    00000132     driverlib.lib : gpio.obj (.text:GPIOPadConfigSet)
                  000006d2    00000002     --HOLE-- [fill = 0]
                  000006d4    000000f4                   : sysctl.obj (.text:SysCtlClockSet)
                  000007c8    0000009c     rtsv7M4_T_le_v4SPD16_eabi.lib : memcpy_t2.asm.obj (.text)
                  00000864    0000007a     driverlib.lib : adc.obj (.text:ADCSequenceStepConfigure)
                  000008de    00000068     rtsv7M4_T_le_v4SPD16_eabi.lib : copy_decompress_lzss.c.obj (.text:decompress:lzss:__TI_decompress_lzss)
                  00000946    00000002     --HOLE-- [fill = 0]
                  00000948    00000060     driverlib.lib : timer.obj (.text:TimerConfigure)
                  000009a8    00000050                   : adc.obj (.text:ADCSequenceConfigure)
                  000009f8    00000048                   : gpio.obj (.text:GPIOPinConfigure)
                  00000a40    00000044     rtsv7M4_T_le_v4SPD16_eabi.lib : autoinit.c.obj (.text:__TI_auto_init_nobinit_nopinit:__TI_auto_init_nobinit_nopinit)
                  00000a84    00000034     driverlib.lib : sysctl.obj (.text:SysCtlPeripheralEnable)
                  00000ab8    00000034     rtsv7M4_T_le_v4SPD16_eabi.lib : boot_cortex_m.c.obj (.text:_c_int00_noargs:_c_int00_noargs)
                  00000aec    0000002e     driverlib.lib : adc.obj (.text:ADCIntStatus)
                  00000b1a    0000002a                   : gpio.obj (.text:GPIODirModeSet)
                  00000b44    0000001e                   : adc.obj (.text:ADCSequenceDataGet)
                  00000b62    0000001c     rtsv7M4_T_le_v4SPD16_eabi.lib : copy_zero_init.c.obj (.text:decompress:ZI:__TI_zero_init_nomemset:__TI_zero_init_nomemset)
                  00000b7e    00000018     driverlib.lib : adc.obj (.text:ADCProcessorTrigger)
                  00000b96    00000018                   : gpio.obj (.text:GPIOPinTypeGPIOOutput)
                  00000bae    00000012                   : gpio.obj (.text:GPIOPinTypeADC)
                  00000bc0    00000012                   : gpio.obj (.text:GPIOPinTypeTimer)
                  00000bd2    00000012                   : timer.obj (.text:TimerLoadSet)
                  00000be4    00000012                   : timer.obj (.text:TimerMatchSet)
                  00000bf6    00000010                   : interrupt.obj (.text:IntMasterEnable)
                  00000c06    0000000e                   : adc.obj (.text:ADCSequenceEnable)
                  00000c14    0000000e                   : timer.obj (.text:TimerEnable)
                  00000c22    0000000e     rtsv7M4_T_le_v4SPD16_eabi.lib : copy_decompress_none.c.obj (.text:decompress:none:__TI_decompress_none)
                  00000c30    0000000c     driverlib.lib : cpu.obj (.text:CPUcpsie)
                  00000c3c    0000000c     tm4c123gh6pm_startup_ccs.obj (.text)
                  00000c48    0000000a     driverlib.lib : adc.obj (.text:ADCIntClear)
                  00000c52    00000006                   : gpio.obj (.text:GPIOPinWrite)
                  00000c58    00000006                   : sysctl.obj (.text:SysCtlDelay)
                  00000c5e    00000004     rtsv7M4_T_le_v4SPD16_eabi.lib : pre_init.c.obj (.text:_system_pre_init)
                  00000c62    00000004                                   : exit.c.obj (.text:abort:abort)

.const     0    00000c68    00000090     
                  00000c68    00000090     driverlib.lib : gpio.obj (.const:g_pui32GPIOBaseAddrs)

.cinit     0    00000cf8    00000030     
                  00000cf8    0000000c     (__TI_handler_table)
                  00000d04    00000004     --HOLE-- [fill = 0]
                  00000d08    00000008     (.cinit..bss.load) [load image, compression = zero_init]
                  00000d10    00000007     (.cinit..data.load) [load image, compression = lzss]
                  00000d17    00000001     --HOLE-- [fill = 0]
                  00000d18    00000010     (__TI_cinit_table)

.init_array 
*          0    00000000    00000000     UNINITIALIZED

.bss       0    20000000    000002dc     UNINITIALIZED
                  20000000    000002d4     (.common:servo_lut)
                  200002d4    00000004     (.common:COUNT)
                  200002d8    00000004     (.common:giro)

.data      0    200002dc    00000004     UNINITIALIZED
                  200002dc    00000004     DelayTimer.obj (.data)

.stack     0    200002e0    00000200     UNINITIALIZED
                  200002e0    00000004     rtsv7M4_T_le_v4SPD16_eabi.lib : boot_cortex_m.c.obj (.stack)
                  200002e4    000001fc     --HOLE--

__llvm_prf_cnts 
*          0    20000000    00000000     UNINITIALIZED

MODULE SUMMARY

       Module                         code   ro data   rw data
       ------                         ----   -------   -------
    .\
       main.obj                       512    0         732    
       tm4c123gh6pm_startup_ccs.obj   12     620       0      
       DelayTimer.obj                 308    0         4      
    +--+------------------------------+------+---------+---------+
       Total:                         832    620       736    
                                                              
    C:/ti/TivaWare_C_Series-2.1.4.178/driverlib/ccs/Debug/driverlib.lib
       gpio.obj                       486    144       0      
       adc.obj                        326    0         0      
       sysctl.obj                     302    0         0      
       timer.obj                      146    0         0      
       interrupt.obj                  16     0         0      
       cpu.obj                        12     0         0      
    +--+------------------------------+------+---------+---------+
       Total:                         1288   144       0      
                                                              
    C:\ti\ccs1000\ccs\tools\compiler\ti-cgt-arm_20.2.4.LTS\lib\rtsv7M4_T_le_v4SPD16_eabi.lib
       memcpy_t2.asm.obj              156    0         0      
       copy_decompress_lzss.c.obj     104    0         0      
       autoinit.c.obj                 68     0         0      
       boot_cortex_m.c.obj            52     0         0      
       copy_zero_init.c.obj           28     0         0      
       copy_decompress_none.c.obj     14     0         0      
       exit.c.obj                     4      0         0      
       pre_init.c.obj                 4      0         0      
    +--+------------------------------+------+---------+---------+
       Total:                         430    0         0      
                                                              
       Stack:                         0      0         512    
       Linker Generated:              0      43        0      
    +--+------------------------------+------+---------+---------+
       Grand Total:                   2550   807       1248   


LINKER GENERATED COPY TABLES

__TI_cinit_table @ 00000d18 records: 2, size/record: 8, table size: 16
	.bss: load addr=00000d08, load size=00000008 bytes, run addr=20000000, run size=000002dc bytes, compression=zero_init
	.data: load addr=00000d10, load size=00000007 bytes, run addr=200002dc, run size=00000004 bytes, compression=lzss


LINKER GENERATED HANDLER TABLE

__TI_handler_table @ 00000cf8 records: 3, size/record: 4, table size: 12
	index: 0, handler: __TI_decompress_lzss
	index: 1, handler: __TI_decompress_none
	index: 2, handler: __TI_zero_init


GLOBAL SYMBOLS: SORTED ALPHABETICALLY BY Name 

address   name                          
-------   ----                          
00000c49  ADCIntClear                   
00000aed  ADCIntStatus                  
00000b7f  ADCProcessorTrigger           
000009a9  ADCSequenceConfigure          
00000b45  ADCSequenceDataGet            
00000c07  ADCSequenceEnable             
00000865  ADCSequenceStepConfigure      
00000c63  C$$EXIT                       
200002d4  COUNT                         
00000c31  CPUcpsie                      
000002c1  ConfigureServo                
00000b1b  GPIODirModeSet                
000005a1  GPIOPadConfigSet              
000009f9  GPIOPinConfigure              
00000baf  GPIOPinTypeADC                
00000b97  GPIOPinTypeGPIOOutput         
00000bc1  GPIOPinTypeTimer              
00000c53  GPIOPinWrite                  
0000026d  InitServo                     
00000bf7  IntMasterEnable               
00000c3d  ResetISR                      
00000311  SetServoAngle                 
000002ff  SetServoPosition              
000006d5  SysCtlClockSet                
00000c59  SysCtlDelay                   
00000a85  SysCtlPeripheralEnable        
00000561  Timer5IntHandler              
00000949  TimerConfigure                
00000c15  TimerEnable                   
00000bd3  TimerLoadSet                  
00000be5  TimerMatchSet                 
200004e0  __STACK_END                   
00000200  __STACK_SIZE                  
200004e0  __STACK_TOP                   
00000d18  __TI_CINIT_Base               
00000d28  __TI_CINIT_Limit              
00000cf8  __TI_Handler_Table_Base       
00000d04  __TI_Handler_Table_Limit      
00000a41  __TI_auto_init_nobinit_nopinit
000008df  __TI_decompress_lzss          
00000c23  __TI_decompress_none          
ffffffff  __TI_pprof_out_hndl           
ffffffff  __TI_prof_data_size           
ffffffff  __TI_prof_data_start          
00000000  __TI_static_base__            
00000b63  __TI_zero_init_nomemset       
000007c9  __aeabi_memcpy                
000007c9  __aeabi_memcpy4               
000007c9  __aeabi_memcpy8               
ffffffff  __binit__                     
ffffffff  __c_args__                    
UNDEFED   __mpu_init                    
200002e0  __stack                       
20000000  __start___llvm_prf_cnts       
20000000  __stop___llvm_prf_cnts        
00000ab9  _c_int00_noargs               
UNDEFED   _system_post_cinit            
00000c5f  _system_pre_init              
00000c63  abort                         
ffffffff  binit                         
00000539  delay                         
0000050d  delayMicroseconds             
00000000  g_pfnVectors                  
200002d8  giro                          
00000323  main                          
000007c9  memcpy                        
000004ef  micros                        
00000507  millis                        
20000000  servo_lut                     
0000046d  timerInit                     


GLOBAL SYMBOLS: SORTED BY Symbol Address 

address   name                          
-------   ----                          
00000000  __TI_static_base__            
00000000  g_pfnVectors                  
00000200  __STACK_SIZE                  
0000026d  InitServo                     
000002c1  ConfigureServo                
000002ff  SetServoPosition              
00000311  SetServoAngle                 
00000323  main                          
0000046d  timerInit                     
000004ef  micros                        
00000507  millis                        
0000050d  delayMicroseconds             
00000539  delay                         
00000561  Timer5IntHandler              
000005a1  GPIOPadConfigSet              
000006d5  SysCtlClockSet                
000007c9  __aeabi_memcpy                
000007c9  __aeabi_memcpy4               
000007c9  __aeabi_memcpy8               
000007c9  memcpy                        
00000865  ADCSequenceStepConfigure      
000008df  __TI_decompress_lzss          
00000949  TimerConfigure                
000009a9  ADCSequenceConfigure          
000009f9  GPIOPinConfigure              
00000a41  __TI_auto_init_nobinit_nopinit
00000a85  SysCtlPeripheralEnable        
00000ab9  _c_int00_noargs               
00000aed  ADCIntStatus                  
00000b1b  GPIODirModeSet                
00000b45  ADCSequenceDataGet            
00000b63  __TI_zero_init_nomemset       
00000b7f  ADCProcessorTrigger           
00000b97  GPIOPinTypeGPIOOutput         
00000baf  GPIOPinTypeADC                
00000bc1  GPIOPinTypeTimer              
00000bd3  TimerLoadSet                  
00000be5  TimerMatchSet                 
00000bf7  IntMasterEnable               
00000c07  ADCSequenceEnable             
00000c15  TimerEnable                   
00000c23  __TI_decompress_none          
00000c31  CPUcpsie                      
00000c3d  ResetISR                      
00000c49  ADCIntClear                   
00000c53  GPIOPinWrite                  
00000c59  SysCtlDelay                   
00000c5f  _system_pre_init              
00000c63  C$$EXIT                       
00000c63  abort                         
00000cf8  __TI_Handler_Table_Base       
00000d04  __TI_Handler_Table_Limit      
00000d18  __TI_CINIT_Base               
00000d28  __TI_CINIT_Limit              
20000000  __start___llvm_prf_cnts       
20000000  __stop___llvm_prf_cnts        
20000000  servo_lut                     
200002d4  COUNT                         
200002d8  giro                          
200002e0  __stack                       
200004e0  __STACK_END                   
200004e0  __STACK_TOP                   
ffffffff  __TI_pprof_out_hndl           
ffffffff  __TI_prof_data_size           
ffffffff  __TI_prof_data_start          
ffffffff  __binit__                     
ffffffff  __c_args__                    
ffffffff  binit                         
UNDEFED   __mpu_init                    
UNDEFED   _system_post_cinit            

[70 symbols]
