******************************************************************************
                  TI ARM Linker PC v20.2.4                     
******************************************************************************
>> Linked Sun Jan 24 18:47:54 2021

OUTPUT FILE NAME:   <PWM.out>
ENTRY POINT SYMBOL: "_c_int00_noinit_noargs"  address: 000005c5


MEMORY CONFIGURATION

         name            origin    length      used     unused   attr    fill
----------------------  --------  ---------  --------  --------  ----  --------
  FLASH                 00000000   00040000  00000744  0003f8bc  R  X
  SRAM                  20000000   00008000  00000200  00007e00  RW X


SEGMENT ALLOCATION MAP

run origin  load origin   length   init length attrs members
----------  ----------- ---------- ----------- ----- -------
00000000    00000000    00000744   00000744    r-x
  00000000    00000000    0000026c   0000026c    r-- .intvecs
  0000026c    0000026c    00000448   00000448    r-x .text
  000006b4    000006b4    00000090   00000090    r-- .const
20000000    20000000    00000200   00000000    rw-
  20000000    20000000    00000200   00000000    rw- .stack


SECTION ALLOCATION MAP

 output                                  attributes/
section   page    origin      length       input sections
--------  ----  ----------  ----------   ----------------
.intvecs   0    00000000    0000026c     
                  00000000    0000026c     tm4c123gh6pm_startup_ccs.obj (.intvecs)

.text      0    0000026c    00000448     
                  0000026c    00000132     driverlib.lib : gpio.obj (.text:GPIOPadConfigSet)
                  0000039e    00000002     --HOLE-- [fill = 0]
                  000003a0    000000f4                   : sysctl.obj (.text:SysCtlClockSet)
                  00000494    0000007c     main.obj (.text)
                  00000510    00000048     driverlib.lib : gpio.obj (.text:GPIOPinConfigure)
                  00000558    00000038                   : sysctl.obj (.text:SysCtlPeripheralReady)
                  00000590    00000034                   : sysctl.obj (.text:SysCtlPeripheralEnable)
                  000005c4    0000002c     rtsv7M4_T_le_v4SPD16_eabi.lib : boot_cortex_m.c.obj (.text:_c_int00_noinit_noargs:_c_int00_noinit_noargs)
                  000005f0    0000002a     driverlib.lib : gpio.obj (.text:GPIODirModeSet)
                  0000061a    00000022                   : pwm.obj (.text:PWMGenConfigure)
                  0000063c    0000001e                   : pwm.obj (.text:PWMPulseWidthSet)
                  0000065a    00000012                   : gpio.obj (.text:GPIOPinTypePWM)
                  0000066c    00000012                   : pwm.obj (.text:PWMOutputState)
                  0000067e    00000010                   : pwm.obj (.text:PWMGenPeriodSet)
                  0000068e    0000000c                   : pwm.obj (.text:PWMGenEnable)
                  0000069a    0000000c     tm4c123gh6pm_startup_ccs.obj (.text)
                  000006a6    00000006     driverlib.lib : sysctl.obj (.text:SysCtlDelay)
                  000006ac    00000004     rtsv7M4_T_le_v4SPD16_eabi.lib : pre_init.c.obj (.text:_system_pre_init)
                  000006b0    00000004                                   : exit.c.obj (.text:abort:abort)

.const     0    000006b4    00000090     
                  000006b4    00000090     driverlib.lib : gpio.obj (.const:g_pui32GPIOBaseAddrs)

.cinit     0    00000000    00000000     UNINITIALIZED

.init_array 
*          0    00000000    00000000     UNINITIALIZED

.stack     0    20000000    00000200     UNINITIALIZED
                  20000000    00000004     rtsv7M4_T_le_v4SPD16_eabi.lib : boot_cortex_m.c.obj (.stack)
                  20000004    000001fc     --HOLE--

__llvm_prf_cnts 
*          0    20000000    00000000     UNINITIALIZED

MODULE SUMMARY

       Module                         code   ro data   rw data
       ------                         ----   -------   -------
    .\
       tm4c123gh6pm_startup_ccs.obj   12     620       0      
       main.obj                       124    0         0      
    +--+------------------------------+------+---------+---------+
       Total:                         136    620       0      
                                                              
    C:/ti/TivaWare_C_Series-2.1.4.178/driverlib/ccs/Debug/driverlib.lib
       gpio.obj                       438    144       0      
       sysctl.obj                     358    0         0      
       pwm.obj                        110    0         0      
    +--+------------------------------+------+---------+---------+
       Total:                         906    144       0      
                                                              
    C:\ti\ccs1000\ccs\tools\compiler\ti-cgt-arm_20.2.4.LTS\lib\rtsv7M4_T_le_v4SPD16_eabi.lib
       boot_cortex_m.c.obj            44     0         0      
       exit.c.obj                     4      0         0      
       pre_init.c.obj                 4      0         0      
    +--+------------------------------+------+---------+---------+
       Total:                         52     0         0      
                                                              
       Stack:                         0      0         512    
    +--+------------------------------+------+---------+---------+
       Grand Total:                   1094   764       512    


GLOBAL SYMBOLS: SORTED ALPHABETICALLY BY Name 

address   name                   
-------   ----                   
000006b1  C$$EXIT                
000005f1  GPIODirModeSet         
0000026d  GPIOPadConfigSet       
00000511  GPIOPinConfigure       
0000065b  GPIOPinTypePWM         
0000061b  PWMGenConfigure        
0000068f  PWMGenEnable           
0000067f  PWMGenPeriodSet        
0000066d  PWMOutputState         
0000063d  PWMPulseWidthSet       
0000069b  ResetISR               
000003a1  SysCtlClockSet         
000006a7  SysCtlDelay            
00000591  SysCtlPeripheralEnable 
00000559  SysCtlPeripheralReady  
20000200  __STACK_END            
00000200  __STACK_SIZE           
20000200  __STACK_TOP            
ffffffff  __TI_pprof_out_hndl    
ffffffff  __TI_prof_data_size    
ffffffff  __TI_prof_data_start   
00000000  __TI_static_base__     
ffffffff  __binit__              
ffffffff  __c_args__             
UNDEFED   __mpu_init             
20000000  __stack                
20000000  __start___llvm_prf_cnts
20000000  __stop___llvm_prf_cnts 
000005c5  _c_int00_noinit_noargs 
000006ad  _system_pre_init       
000006b1  abort                  
ffffffff  binit                  
00000000  g_pfnVectors           
00000495  main                   


GLOBAL SYMBOLS: SORTED BY Symbol Address 

address   name                   
-------   ----                   
00000000  __TI_static_base__     
00000000  g_pfnVectors           
00000200  __STACK_SIZE           
0000026d  GPIOPadConfigSet       
000003a1  SysCtlClockSet         
00000495  main                   
00000511  GPIOPinConfigure       
00000559  SysCtlPeripheralReady  
00000591  SysCtlPeripheralEnable 
000005c5  _c_int00_noinit_noargs 
000005f1  GPIODirModeSet         
0000061b  PWMGenConfigure        
0000063d  PWMPulseWidthSet       
0000065b  GPIOPinTypePWM         
0000066d  PWMOutputState         
0000067f  PWMGenPeriodSet        
0000068f  PWMGenEnable           
0000069b  ResetISR               
000006a7  SysCtlDelay            
000006ad  _system_pre_init       
000006b1  C$$EXIT                
000006b1  abort                  
20000000  __stack                
20000000  __start___llvm_prf_cnts
20000000  __stop___llvm_prf_cnts 
20000200  __STACK_END            
20000200  __STACK_TOP            
ffffffff  __TI_pprof_out_hndl    
ffffffff  __TI_prof_data_size    
ffffffff  __TI_prof_data_start   
ffffffff  __binit__              
ffffffff  __c_args__             
ffffffff  binit                  
UNDEFED   __mpu_init             

[34 symbols]
